E1 wave meter — Rocket Classic [Scheduled]
  no tee times posted yet — meter waits (they release Tue/Wed)
pga grade: +0 newly graded — E1 record 0-0  +0.00u
E1 wave meter — Rocket Classic [Scheduled]
  no tee times posted yet — meter waits (they release Tue/Wed)
pga grade: +0 newly graded — E1 record 0-0  +0.00u
E1 wave meter — Rocket Classic [Scheduled]
  no tee times posted yet — meter waits (they release Tue/Wed)
pga grade: +0 newly graded — E1 record 0-0  +0.00u
E1 wave meter — Rocket Classic [Scheduled]
  no tee times posted yet — meter waits (they release Tue/Wed)
pga grade: +0 newly graded — E1 record 0-0  +0.00u
E1 wave meter — Rocket Classic [Scheduled]
  no tee times posted yet — meter waits (they release Tue/Wed)
pga grade: +0 newly graded — E1 record 0-0  +0.00u
E1 wave meter — Rocket Classic [Scheduled]
  no tee times posted yet — meter waits (they release Tue/Wed)
pga grade: +0 newly graded — E1 record 0-0  +0.00u
E1 wave meter — Rocket Classic [Scheduled]
  no tee times posted yet — meter waits (they release Tue/Wed)
pga grade: +0 newly graded — E1 record 0-0  +0.00u
E1 wave meter — Rocket Classic [Scheduled]
  no tee times posted yet — meter waits (they release Tue/Wed)
pga grade: +0 newly graded — E1 record 0-0  +0.00u
E1 wave meter — Rocket Classic [Scheduled]
  no tee times posted yet — meter waits (they release Tue/Wed)
pga grade: +0 newly graded — E1 record 0-0  +0.00u
E1 wave meter — Rocket Classic [Scheduled]
  no tee times posted yet — meter waits (they release Tue/Wed)
pga grade: +0 newly graded — E1 record 0-0  +0.00u
E1 wave meter — Rocket Classic [Scheduled]
  no tee times posted yet — meter waits (they release Tue/Wed)
pga grade: +0 newly graded — E1 record 0-0  +0.00u
E1 wave meter — Rocket Classic [Scheduled]
  no tee times posted yet — meter waits (they release Tue/Wed)
pga grade: +0 newly graded — E1 record 0-0  +0.00u
E1 wave meter — Rocket Classic [Scheduled]
  no tee times posted yet — meter waits (they release Tue/Wed)
pga grade: +0 newly graded — E1 record 0-0  +0.00u
E1 wave meter — Rocket Classic [Scheduled]
  no tee times posted yet — meter waits (they release Tue/Wed)
pga grade: +0 newly graded — E1 record 0-0  +0.00u
E1 wave meter — Rocket Classic [Scheduled]
  no tee times posted yet — meter waits (they release Tue/Wed)
pga grade: +0 newly graded — E1 record 0-0  +0.00u
E1 wave meter — Rocket Classic [Scheduled]
  no tee times posted yet — meter waits (they release Tue/Wed)
pga grade: +0 newly graded — E1 record 0-0  +0.00u
E1 wave meter — Rocket Classic [Scheduled]
  no tee times posted yet — meter waits (they release Tue/Wed)
pga grade: +0 newly graded — E1 record 0-0  +0.00u
E1 wave meter — Rocket Classic [Scheduled]
  no tee times posted yet — meter waits (they release Tue/Wed)
  crawl 2026: +11950 round rows
  rounds table: 65359 rows, 1373 players
G2: only 4 gradeable closed matchups so far [72H=3 R1=1] — gate INCONCLUSIVE, keep collecting (it self-answers as events settle)
e3: pricing PGA Rocket Classic 2026  (G2 pending n=4 — preview only)
  ruler: course-fit players 107, wave split 0, wave shift +0.00 strokes
  birdies: course factor 1.067 (18 prior editions), wind 10.7 km/h
  birdies: course R2026524 par mix {3: 4, 4: 12, 5: 2}
  birdies: course-level LAM=0.936 (market-anchored on 24 Over lines, mix {3: 4, 4: 12, 5: 2})
  E3 preview rows: 15 (not logged — gate not passed)
pga grade: +0 newly graded — E1 record 0-0  +0.00u
E1 wave meter — Rocket Classic [Scheduled]
  no tee times posted yet — meter waits (they release Tue/Wed)
pga grade: +0 newly graded — E1 record 0-0  +0.00u
E1 wave meter — Rocket Classic [Scheduled]
  no tee times posted yet — meter waits (they release Tue/Wed)
  crawl 2026: +11950 round rows
  rounds table: 65359 rows, 1373 players
G2: only 4 gradeable closed matchups so far [72H=3 R1=1] — gate INCONCLUSIVE, keep collecting (it self-answers as events settle)
e3: pricing PGA Rocket Classic 2026  (G2 pending n=4 — preview only)
  ruler: course-fit players 107, wave split 147, wave shift +0.21 strokes [exposure gap +2.0 km/h -> +0.21 str]
  birdies: course factor 1.038 (3 prior editions), wind 9.0 km/h
  birdies: course R2026524 par mix {3: 4, 4: 12, 5: 2}
  birdies: course-level LAM=0.994 (market-anchored on 24 Over lines, mix {3: 4, 4: 12, 5: 2})
  E3 preview rows: 15 (not logged — gate not passed)
pga grade: +0 newly graded — E1 record 0-0  +0.00u
E1 wave meter — Rocket Classic [Scheduled]
  no tee times posted yet — meter waits (they release Tue/Wed)
  crawl 2026: +11950 round rows
  rounds table: 65359 rows, 1373 players
G2: only 4 gradeable closed matchups so far [72H=3 R1=1] — gate INCONCLUSIVE, keep collecting (it self-answers as events settle)
e3: pricing PGA Rocket Classic 2026  (G2 pending n=4 — preview only)
  ruler: course-fit players 107, wave split 147, wave shift +0.11 strokes [exposure gap +1.0 km/h -> +0.11 str]
  birdies: course factor 1.038 (3 prior editions), wind 9.1 km/h
  birdies: course R2026524 par mix {3: 4, 4: 12, 5: 2}
  birdies: course-level LAM=0.982 (market-anchored on 24 Over lines, mix {3: 4, 4: 12, 5: 2})
  E3 preview rows: 15 (not logged — gate not passed)
pga grade: +0 newly graded — E1 record 0-0  +0.00u
E1 wave meter — Rocket Classic [Scheduled]
  no tee times posted yet — meter waits (they release Tue/Wed)
  crawl 2026: +11950 round rows
  rounds table: 65359 rows, 1373 players
G2: only 4 gradeable closed matchups so far [72H=3 R1=1] — gate INCONCLUSIVE, keep collecting (it self-answers as events settle)
e3: pricing PGA Rocket Classic 2026  (G2 pending n=4 — preview only)
  ruler: course-fit players 107, wave split 147, wave shift +0.11 strokes [exposure gap +1.0 km/h -> +0.11 str]
  birdies: course factor 1.038 (3 prior editions), wind 17.0 km/h
  birdies: course R2026524 par mix {3: 4, 4: 12, 5: 2}
  birdies: devig on 24/24 two-sided lines — raw Over 0.5418 vs FAIR 0.5111 (vig 3.07 pts)
  birdies: course-level LAM=0.984 (market-anchored on 24 Over lines, mix {3: 4, 4: 12, 5: 2})
  birdies: flags 5 over / 5 under
  E3 preview rows: 15 (not logged — gate not passed)
pga grade: +0 newly graded — E1 record 0-0  +0.00u
E1 wave meter — Rocket Classic [Scheduled]
  no tee times posted yet — meter waits (they release Tue/Wed)
  crawl 2026: +11950 round rows
  rounds table: 65359 rows, 1373 players
G2: 0 gradeable closes [none] from 20 collected matchup markets
     dropped  20  no same-edition result yet
G2: n=0 < 15 -> gate INCONCLUSIVE. This is a FORWARD test and cannot be backtested: it needs OUR OWN collected closes, and the collector only has history from the day it started.
e3: pricing PGA Rocket Classic 2026  (G2 pending n=0 — preview only)
  ruler: course-fit players 107, wave split 147, wave shift +0.14 strokes [exposure gap +1.3 km/h -> +0.14 str]
  birdies: course factor 1.038 (3 prior editions), wind 16.7 km/h
  birdies: course R2026524 par mix {3: 4, 4: 12, 5: 2}
  birdies: devig on 24/24 two-sided lines — raw Over 0.5437 vs FAIR 0.5129 (vig 3.08 pts)
  birdies: course-level LAM=0.984 (market-anchored on 24 Over lines, mix {3: 4, 4: 12, 5: 2})
  birdies: flags 5 over / 6 under
  E3 preview rows: 15 (not logged — gate not passed)
pga grade: +0 newly graded — E1 record 0-0  +0.00u
E1 wave meter — Rocket Classic [Scheduled]
  no tee times posted yet — meter waits (they release Tue/Wed)
  crawl 2026: +11950 round rows
  rounds table: 65359 rows, 1373 players
G2: 0 gradeable closes [none] from 20 collected matchup markets
     dropped  20  no same-edition result yet
G2: n=0 < 15 -> gate INCONCLUSIVE. This is a FORWARD test and cannot be backtested: it needs OUR OWN collected closes, and the collector only has history from the day it started.
e3: pricing PGA Rocket Classic 2026  (G2 pending n=0 — preview only)
  ruler: course-fit players 107, wave split 147, wave shift +0.20 strokes [exposure gap +1.9 km/h -> +0.20 str]
  skip TOP_10_FINISH_(INCL._TIES): ties-inclusive product, simulator has no ties (pool implies 14.3 vs nominal 10)
  skip TOP_20_FINISH_(INCL._TIES): ties-inclusive product, simulator has no ties (pool implies 27.4 vs nominal 20)
  skip TOP_5_FINISH_(INCL._TIES): ties-inclusive product, simulator has no ties (pool implies 7.7 vs nominal 5)
  birdies: course factor 1.038 (3 prior editions), wind 16.7 km/h
  birdies: course R2026524 par mix {3: 4, 4: 12, 5: 2}
  birdies: devig on 24/24 two-sided lines — raw Over 0.5425 vs FAIR 0.5119 (vig 3.06 pts)
  birdies: course-level LAM=0.978 (market-anchored on 24 Over lines, mix {3: 4, 4: 12, 5: 2})
  birdies: flags 3 over / 1 under
  E3 preview rows: 15 (not logged — gate not passed)
pga grade: +0 newly graded — E1 record 0-0  +0.00u
E1 wave meter — Rocket Classic [Scheduled]
  no tee times posted yet — meter waits (they release Tue/Wed)
  crawl 2026: +11950 round rows
  rounds table: 65359 rows, 1373 players
G2: 0 gradeable closes [none] from 20 collected matchup markets
     dropped  20  no same-edition result yet
G2: n=0 < 15 -> gate INCONCLUSIVE. This is a FORWARD test and cannot be backtested: it needs OUR OWN collected closes, and the collector only has history from the day it started.
e3: pricing PGA Rocket Classic 2026  (G2 pending n=0 — preview only)
  ruler: course-fit players 107, wave split 147, wave shift +0.20 strokes [exposure gap +1.9 km/h -> +0.20 str]
  skip TOP_10_FINISH_(INCL._TIES): ties-inclusive product, simulator has no ties (pool implies 14.3 vs nominal 10)
  skip TOP_20_FINISH_(INCL._TIES): ties-inclusive product, simulator has no ties (pool implies 27.3 vs nominal 20)
  skip TOP_5_FINISH_(INCL._TIES): ties-inclusive product, simulator has no ties (pool implies 7.7 vs nominal 5)
  birdies: course factor 1.038 (3 prior editions), wind 16.7 km/h
  birdies: course R2026524 par mix {3: 4, 4: 12, 5: 2}
  birdies: devig on 24/24 two-sided lines — raw Over 0.5434 vs FAIR 0.5127 (vig 3.08 pts)
  birdies: course-level LAM=0.979 (market-anchored on 24 Over lines, mix {3: 4, 4: 12, 5: 2})
  birdies: NOT ARMABLE — birdie reliability slope 0.61 < 0.85 — tail probabilities are too extreme (18-hole independence assumption); needs a per-round random effect before this stream can be bet
  birdies: flags 3 over / 1 under
  E3 preview rows: 15 (not logged — gate not passed)
pga grade: +0 newly graded — E1 record 0-0  +0.00u
E1 wave meter — Rocket Classic [Scheduled]
  no tee times posted yet — meter waits (they release Tue/Wed)
  crawl 2026: +11950 round rows
  rounds table: 65359 rows, 1373 players
G2: 0 gradeable closes [none] from 20 collected matchup markets
     dropped  20  no same-edition result yet
G2: n=0 < 15 -> gate INCONCLUSIVE. This is a FORWARD test and cannot be backtested: it needs OUR OWN collected closes, and the collector only has history from the day it started.
e3: pricing PGA Rocket Classic 2026  (G2 pending n=0 — preview only)
  ruler: course-fit players 107, wave split 147, wave shift +0.11 strokes [exposure gap +1.0 km/h -> +0.11 str]
  skip TOP_10_FINISH_(INCL._TIES): ties-inclusive product, simulator has no ties (pool implies 14.3 vs nominal 10)
  skip TOP_20_FINISH_(INCL._TIES): ties-inclusive product, simulator has no ties (pool implies 27.3 vs nominal 20)
  skip TOP_5_FINISH_(INCL._TIES): ties-inclusive product, simulator has no ties (pool implies 7.7 vs nominal 5)
  birdies: course factor 1.038 (3 prior editions), wind 16.1 km/h
  birdies: course R2026524 par mix {3: 4, 4: 12, 5: 2}
  birdies: devig on 24/24 two-sided lines — raw Over 0.5434 vs FAIR 0.5127 (vig 3.08 pts)
  birdies: course-level LAM=0.976 (market-anchored on 24 Over lines, mix {3: 4, 4: 12, 5: 2})
  birdies: NOT ARMABLE — birdie reliability slope 0.61 < 0.85 — tail probabilities are too extreme (18-hole independence assumption); needs a per-round random effect before this stream can be bet
  birdies: flags 3 over / 1 under
  E3 preview rows: 15 (not logged — gate not passed)
pga grade: +0 newly graded — E1 record 0-0  +0.00u
E1 wave meter — Rocket Classic [Scheduled]
  no tee times posted yet — meter waits (they release Tue/Wed)
  crawl 2026: +11950 round rows
  rounds table: 65359 rows, 1373 players
G2: 0 gradeable closes [none] from 20 collected matchup markets
     dropped  20  no same-edition result yet
G2: n=0 < 15 -> gate INCONCLUSIVE. This is a FORWARD test and cannot be backtested: it needs OUR OWN collected closes, and the collector only has history from the day it started.
e3: pricing PGA Rocket Classic 2026  (G2 pending n=0 — preview only)
  ruler: course-fit players 107, wave split 147, wave shift +0.11 strokes [exposure gap +1.0 km/h -> +0.11 str]
  skip TOP_10_FINISH_(INCL._TIES): ties-inclusive product, simulator has no ties (pool implies 14.3 vs nominal 10)
  skip TOP_20_FINISH_(INCL._TIES): ties-inclusive product, simulator has no ties (pool implies 27.3 vs nominal 20)
  skip TOP_5_FINISH_(INCL._TIES): ties-inclusive product, simulator has no ties (pool implies 7.7 vs nominal 5)
  birdies: course factor 1.038 (3 prior editions), wind 16.1 km/h
  birdies: course R2026524 par mix {3: 4, 4: 12, 5: 2}
  birdies: devig on 24/24 two-sided lines — raw Over 0.5534 vs FAIR 0.5221 (vig 3.13 pts)
  birdies: course-level LAM=0.976 (market-anchored on 24 Over lines, mix {3: 4, 4: 12, 5: 2})
  birdies: NOT ARMABLE — birdie reliability slope 0.61 < 0.85 — tail probabilities are too extreme (18-hole independence assumption); needs a per-round random effect before this stream can be bet
  birdies: flags 3 over / 2 under
  E3 preview rows: 15 (not logged — gate not passed)
pga grade: +0 newly graded — E1 record 0-0  +0.00u
E1 wave meter — Rocket Classic [Scheduled]
  no tee times posted yet — meter waits (they release Tue/Wed)
  crawl 2026: +11950 round rows
  rounds table: 65359 rows, 1373 players
G2: 0 gradeable closes [none] from 20 collected matchup markets
     dropped  20  no same-edition result yet
G2: n=0 < 15 -> gate INCONCLUSIVE. This is a FORWARD test and cannot be backtested: it needs OUR OWN collected closes, and the collector only has history from the day it started.
e3: pricing PGA Rocket Classic 2026  (G2 pending n=0 — preview only)
  ruler: course-fit players 107, wave split 147, wave shift +0.15 strokes [exposure gap +1.4 km/h -> +0.15 str]
  skip TOP_10_FINISH_(INCL._TIES): ties-inclusive product, simulator has no ties (pool implies 14.3 vs nominal 10)
  skip TOP_20_FINISH_(INCL._TIES): ties-inclusive product, simulator has no ties (pool implies 27.3 vs nominal 20)
  skip TOP_5_FINISH_(INCL._TIES): ties-inclusive product, simulator has no ties (pool implies 7.7 vs nominal 5)
  birdies: course factor 1.038 (3 prior editions), wind 15.9 km/h
  birdies: course R2026524 par mix {3: 4, 4: 12, 5: 2}
  birdies: devig on 24/24 two-sided lines — raw Over 0.5534 vs FAIR 0.5221 (vig 3.13 pts)
  birdies: course-level LAM=0.975 (market-anchored on 24 Over lines, mix {3: 4, 4: 12, 5: 2})
  birdies: NOT ARMABLE — birdie reliability slope 0.61 < 0.85 — tail probabilities are too extreme (18-hole independence assumption); needs a per-round random effect before this stream can be bet
  birdies: flags 3 over / 2 under
  E3 preview rows: 15 (not logged — gate not passed)
pga grade: +0 newly graded — E1 record 0-0  +0.00u
E1 wave meter — Rocket Classic [Scheduled]
  no tee times posted yet — meter waits (they release Tue/Wed)
pga grade: +0 newly graded — E1 record 0-0  +0.00u
E1 wave meter — Rocket Classic [Scheduled]
  no tee times posted yet — meter waits (they release Tue/Wed)
pga grade: +0 newly graded — E1 record 0-0  +0.00u
pga grade: +0 newly graded — E1 record 0-0  +0.00u
pga grade: +0 newly graded — E1 record 0-0  +0.00u
E1 wave meter — Rocket Classic [Scheduled]
  no tee times posted yet — meter waits (they release Tue/Wed)
  crawl 2026: +11950 round rows
  crawl 2026: +7221 round rows
  rounds table: 117513 rows, 2456 players
G2: 0 gradeable closes [none] from 20 collected matchup markets
     dropped  20  no same-edition result yet
G2: n=0 < 15 -> gate INCONCLUSIVE. This is a FORWARD test and cannot be backtested: it needs OUR OWN collected closes, and the collector only has history from the day it started.
e3: pricing PGA Rocket Classic 2026  (G2 pending n=0 — preview only)
  ruler: course-fit players 107, wave split 147, wave shift +0.06 strokes [exposure gap +0.5 km/h -> +0.06 str]
  TOP_10_FINISH_(INCL._TIES): ties-inclusive -> pricing on top10_ties, expected qualifiers 11.5 (nominal 10)
  TOP_20_FINISH_(INCL._TIES): ties-inclusive -> pricing on top20_ties, expected qualifiers 22.3 (nominal 20)
  TOP_5_FINISH_(INCL._TIES): ties-inclusive -> pricing on top5_ties, expected qualifiers 5.9 (nominal 5)
  birdies: course factor 1.042 (3 prior editions), wind 16.5 km/h
  birdies: course R2026524 par mix {3: 4, 4: 12, 5: 2}
  birdies: devig on 24/24 two-sided lines — raw Over 0.5524 vs FAIR 0.5212 (vig 3.12 pts)
  birdies: course-level LAM=0.989 (market-anchored on 24 Over lines, mix {3: 4, 4: 12, 5: 2})
  birdies: flags 3 over / 1 under
  E3 preview rows: 15 (not logged — gate not passed)
pga grade: +0 newly graded — E1 record 0-0  +0.00u
E1 wave meter — Rocket Classic [Scheduled]
  no tee times posted yet — meter waits (they release Tue/Wed)
  crawl 2026: +11950 round rows
  crawl 2026: +7221 round rows
  rounds table: 117513 rows, 2456 players
G2: 0 gradeable closes [none] from 20 collected matchup markets
     dropped  20  no same-edition result yet
G2: n=0 < 15 -> gate INCONCLUSIVE. This is a FORWARD test and cannot be backtested: it needs OUR OWN collected closes, and the collector only has history from the day it started.
e3: pricing PGA Rocket Classic 2026  (G2 pending n=0 — preview only)
  ruler: course-fit players 107, wave split 147, wave shift +0.01 strokes [exposure gap -0.1 km/h -> +0.01 str]
  TOP_10_FINISH_(INCL._TIES): ties-inclusive -> pricing on top10_ties, expected qualifiers 11.5 (nominal 10)
  TOP_20_FINISH_(INCL._TIES): ties-inclusive -> pricing on top20_ties, expected qualifiers 22.4 (nominal 20)
  TOP_5_FINISH_(INCL._TIES): ties-inclusive -> pricing on top5_ties, expected qualifiers 5.9 (nominal 5)
  birdies: course factor 1.042 (3 prior editions), wind 16.3 km/h
  birdies: course R2026524 par mix {3: 4, 4: 12, 5: 2}
  birdies: devig on 24/24 two-sided lines — raw Over 0.5446 vs FAIR 0.5138 (vig 3.08 pts)
  birdies: course-level LAM=0.990 (market-anchored on 24 Over lines, mix {3: 4, 4: 12, 5: 2})
  birdies: flags 3 over / 1 under
  E3 preview rows: 15 (not logged — gate not passed)
pga grade: +0 newly graded — E1 record 0-0  +0.00u
E1 wave meter — Rocket Classic [Scheduled]
  no tee times posted yet — meter waits (they release Tue/Wed)
pga grade: +0 newly graded — E1 record 0-0  +0.00u
E1 wave meter — Rocket Classic [Scheduled]
  no tee times posted yet — meter waits (they release Tue/Wed)
  crawl 2026: +11950 round rows
  crawl 2026: +7221 round rows
  rounds table: 117513 rows, 2456 players
G2: 0 gradeable closes [none] from 20 collected matchup markets
     dropped  20  no same-edition result yet
G2: n=0 < 15 -> gate INCONCLUSIVE. This is a FORWARD test and cannot be backtested: it needs OUR OWN collected closes, and the collector only has history from the day it started.
e3: pricing PGA Rocket Classic 2026  (G2 pending n=0 — preview only)
  ruler: course-fit players 107, wave split 147, wave shift +0.02 strokes [exposure gap +0.1 km/h -> +0.02 str]
  TOP_10_FINISH_(INCL._TIES): ties-inclusive -> pricing on top10_ties, expected qualifiers 11.5 (nominal 10)
  TOP_20_FINISH_(INCL._TIES): ties-inclusive -> pricing on top20_ties, expected qualifiers 22.4 (nominal 20)
  TOP_5_FINISH_(INCL._TIES): ties-inclusive -> pricing on top5_ties, expected qualifiers 5.9 (nominal 5)
  birdies: course factor 1.042 (3 prior editions), wind 16.6 km/h
  birdies: course R2026524 par mix {3: 4, 4: 12, 5: 2}
  birdies: devig on 24/24 two-sided lines — raw Over 0.5430 vs FAIR 0.5123 (vig 3.06 pts)
  birdies: course-level LAM=1.001 (market-anchored on 24 Over lines, mix {3: 4, 4: 12, 5: 2})
  birdies: flags 3 over / 2 under
  E3 preview rows: 15 (not logged — gate not passed)
pga grade: +0 newly graded — E1 record 0-0  +0.00u
E1 wave meter — Rocket Classic [Scheduled]
  no tee times posted yet — meter waits (they release Tue/Wed)
pga grade: +0 newly graded — E1 record 0-0  +0.00u
E1 wave meter — Rocket Classic [Scheduled]
  no tee times posted yet — meter waits (they release Tue/Wed)
pga grade: +0 newly graded — E1 record 0-0  +0.00u
E1 wave meter — Rocket Classic [In Progress]
  no tee times posted yet — meter waits (they release Tue/Wed)
  crawl 2026: +11950 round rows
  crawl 2026: +7221 round rows
  rounds table: 117513 rows, 2456 players
G2: 0 gradeable closes [none] from 20 collected matchup markets
     dropped  20  no same-edition result yet
G2: n=0 < 15 -> gate INCONCLUSIVE. This is a FORWARD test and cannot be backtested: it needs OUR OWN collected closes, and the collector only has history from the day it started.
e3: pricing PGA Rocket Classic 2026  (G2 pending n=0 — preview only)
  ruler: course-fit players 107, wave split 147, wave shift +0.06 strokes [exposure gap +0.5 km/h -> +0.06 str]
  TOP_10_FINISH_(INCL._TIES): ties-inclusive -> pricing on top10_ties, expected qualifiers 11.5 (nominal 10)
  TOP_20_FINISH_(INCL._TIES): ties-inclusive -> pricing on top20_ties, expected qualifiers 22.3 (nominal 20)
  TOP_5_FINISH_(INCL._TIES): ties-inclusive -> pricing on top5_ties, expected qualifiers 5.9 (nominal 5)
  birdies: course factor 1.042 (3 prior editions), wind 16.4 km/h
  birdies: course R2026524 par mix {3: 4, 4: 12, 5: 2}
  birdies: devig on 24/24 two-sided lines — raw Over 0.5329 vs FAIR 0.5027 (vig 3.02 pts)
  birdies: course-level LAM=0.978 (market-anchored on 24 Over lines, mix {3: 4, 4: 12, 5: 2})
  birdies: flags 3 over / 3 under
  E3 preview rows: 15 (not logged — gate not passed)
pga grade: +0 newly graded — E1 record 0-0  +0.00u
E1 wave meter — Rocket Classic [In Progress]
  no tee times posted yet — meter waits (they release Tue/Wed)
  crawl 2026: +11950 round rows
  crawl 2026: +7221 round rows
  rounds table: 117513 rows, 2456 players
G2: 0 gradeable closes [none] from 20 collected matchup markets
     dropped  20  no same-edition result yet
G2: n=0 < 15 -> gate INCONCLUSIVE. This is a FORWARD test and cannot be backtested: it needs OUR OWN collected closes, and the collector only has history from the day it started.
e3: pricing PGA Rocket Classic 2026  (G2 pending n=0 — preview only)
  ruler: course-fit players 107, wave split 147, wave shift +0.12 strokes [exposure gap +1.1 km/h -> +0.12 str]
  TOP_10_FINISH_(INCL._TIES): ties-inclusive -> pricing on top10_ties, expected qualifiers 11.5 (nominal 10)
  TOP_20_FINISH_(INCL._TIES): ties-inclusive -> pricing on top20_ties, expected qualifiers 22.3 (nominal 20)
  TOP_5_FINISH_(INCL._TIES): ties-inclusive -> pricing on top5_ties, expected qualifiers 5.9 (nominal 5)
  birdies: course factor 1.042 (3 prior editions), wind 18.7 km/h
  birdies: course R2026524 par mix {3: 4, 4: 12, 5: 2}
  birdies: devig on 24/24 two-sided lines — raw Over 0.5619 vs FAIR 0.5301 (vig 3.18 pts)
  birdies: course-level LAM=0.989 (market-anchored on 24 Over lines, mix {3: 4, 4: 12, 5: 2})
  birdies: flags 2 over / 3 under
  E3 preview rows: 15 (not logged — gate not passed)
pga grade: +0 newly graded — E1 record 0-0  +0.00u
E1 wave meter — Rocket Classic [In Progress]
  no tee times posted yet — meter waits (they release Tue/Wed)
E1 wave meter — Rocket Classic [In Progress]
  no tee times posted yet — meter waits (they release Tue/Wed)
  crawl 2026: +12022 round rows
  crawl 2026: +7221 round rows
  rounds table: 117585 rows, 2456 players
G2: 0 gradeable closes [none] from 14 collected matchup markets
     dropped   9  72h not both complete / tie
     dropped   5  round not both posted / tie
G2: n=0 < 15 -> gate INCONCLUSIVE. This is a FORWARD test and cannot be backtested: it needs OUR OWN collected closes, and the collector only has history from the day it started.
e3: pricing PGA Rocket Classic 2026  (G2 pending n=0 — preview only)
  ruler: course-fit players 106, wave split 148, wave shift +0.06 strokes [exposure gap +0.5 km/h -> +0.06 str]
  TOP_10_FINISH_(INCL._TIES): ties-inclusive -> pricing on top10_ties, expected qualifiers 11.5 (nominal 10)
  TOP_20_FINISH_(INCL._TIES): ties-inclusive -> pricing on top20_ties, expected qualifiers 22.4 (nominal 20)
  TOP_5_FINISH_(INCL._TIES): ties-inclusive -> pricing on top5_ties, expected qualifiers 5.9 (nominal 5)
  birdies: course factor 1.045 (4 prior editions), wind 16.0 km/h
  birdies: course R2026524 par mix {3: 4, 4: 12, 5: 2}
  birdies: devig on 10/10 two-sided lines — raw Over 0.5441 vs FAIR 0.5133 (vig 3.08 pts)
  birdies: course-level LAM=1.040 (market-anchored on 10 Over lines, mix {3: 4, 4: 12, 5: 2})
  birdies: flags 3 over / 4 under
  E3 preview rows: 15 (not logged — gate not passed)
pga grade: +0 newly graded — E1 record 0-0  +0.00u
E1 wave meter — Rocket Classic [In Progress]
  no tee times posted yet — meter waits (they release Tue/Wed)
